---
source: crates/forge_domain/src/tool_call_record.rs
expression: record.to_string()
---
<forge_tool_result><forge_tool_name>fs_read</forge_tool_name><success><![CDATA[Contents of the file]]></success></forge_tool_result>
