---
source: crates/forge_domain/src/tool_result.rs
expression: result
---
<forge_tool_result><forge_tool_name>complex_tool</forge_tool_name><e><![CDATA[
ERROR:
Caused by: {"key":"value","number":42}
]]></e></forge_tool_result>
