---
source: crates/forge_domain/src/tool_call_record.rs
expression: record.to_string()
---
<forge_tool_result><forge_tool_name>fs_write</forge_tool_name><e><![CDATA[
ERROR:
Caused by: Permission denied
]]></e></forge_tool_result>
