---
source: crates/forge_domain/src/tool_call_record.rs
expression: record.to_string()
---
<forge_tool_result><forge_tool_name>test_tool</forge_tool_name><success><![CDATA[Result with <tags> & special "characters"]]></success></forge_tool_result>
